============================= test session starts ==============================
platform darwin -- Python 3.13.5, pytest-8.4.1, pluggy-1.6.0
rootdir: /Users/husam/workspace/tools/shard-markdown
configfile: pyproject.toml
testpaths: tests
plugins: anyio-4.9.0, asyncio-1.1.0
asyncio: mode=Mode.STRICT, asyncio_default_fixture_loop_scope=None, asyncio_default_test_loop_scope=function
collected 292 items / 1 error

==================================== ERRORS ====================================
____________ ERROR collecting tests/performance/test_benchmarks.py _____________
ImportError while importing test module '/Users/husam/workspace/tools/shard-markdown/tests/performance/test_benchmarks.py'.
Hint: make sure your test modules/packages have valid Python names.
Traceback:
/opt/homebrew/Cellar/python@3.13/3.13.5/Frameworks/Python.framework/Versions/3.13/lib/python3.13/importlib/__init__.py:88: in import_module
    return _bootstrap._gcd_import(name[level:], package, level)
           ^^^^^^^^^^^^^^^^^^^^^^^^^^^^^^^^^^^^^^^^^^^^^^^^^^^^
tests/performance/test_benchmarks.py:7: in <module>
    import psutil
E   ModuleNotFoundError: No module named 'psutil'
=============================== warnings summary ===============================
../../../../../opt/homebrew/lib/python3.13/site-packages/pydantic/_internal/_config.py:323
  /opt/homebrew/lib/python3.13/site-packages/pydantic/_internal/_config.py:323: PydanticDeprecatedSince20: Support for class-based `config` is deprecated, use ConfigDict instead. Deprecated in Pydantic V2.0 to be removed in V3.0. See Pydantic V2 Migration Guide at https://errors.pydantic.dev/2.11/migration/
    warnings.warn(DEPRECATION_MESSAGE, DeprecationWarning)

-- Docs: https://docs.pytest.org/en/stable/how-to/capture-warnings.html
=========================== short test summary info ============================
ERROR tests/performance/test_benchmarks.py
!!!!!!!!!!!!!!!!!!!! Interrupted: 1 error during collection !!!!!!!!!!!!!!!!!!!!
========================= 1 warning, 1 error in 0.09s ==========================
